// Jest Snapshot v1, https://goo.gl/fbAQLP

exports[`Weather Page Component should render a weather page 1`] = `
<div>
  <div
    class="css-4siyto"
  >
    <div
      class="MuiPaper-root-1 MuiPaper-elevation1-4 MuiPaper-rounded-2 css-1ff40ir"
    >
      <div
        class="css-jtawwa"
      >
        <form>
          <div
            aria-label="Select zip, coordinates, or location to search"
            class="MuiFormGroup-root-28 css-hpd1dz"
            role="radiogroup"
          >
            <label
              class="MuiFormControlLabel-root-30"
            >
              <span
                class="MuiButtonBase-root-49 MuiIconButton-root-43 MuiSwitchBase-root-39 MuiRadio-root-34 MuiRadio-colorSecondary-38 MuiSwitchBase-checked-40 MuiRadio-checked-35"
              >
                <span
                  class="MuiIconButton-label-48"
                >
                  <svg
                    aria-hidden="true"
                    class="MuiSvgIcon-root-52"
                    focusable="false"
                    viewBox="0 0 24 24"
                  >
                    <path
                      d="M12 7c-2.76 0-5 2.24-5 5s2.24 5 5 5 5-2.24 5-5-2.24-5-5-5zm0-5C6.48 2 2 6.48 2 12s4.48 10 10 10 10-4.48 10-10S17.52 2 12 2zm0 18c-4.42 0-8-3.58-8-8s3.58-8 8-8 8 3.58 8 8-3.58 8-8 8z"
                    />
                  </svg>
                  <input
                    checked=""
                    class="MuiSwitchBase-input-42"
                    name="searchby"
                    type="radio"
                    value="city"
                  />
                </span>
                <span
                  class="MuiTouchRipple-root-59"
                />
              </span>
              <span
                class="MuiTypography-root-66 MuiTypography-body1-75 MuiFormControlLabel-label-33"
              >
                By City
              </span>
            </label>
            <label
              class="MuiFormControlLabel-root-30"
            >
              <span
                class="MuiButtonBase-root-49 MuiIconButton-root-43 MuiSwitchBase-root-39 MuiRadio-root-34 MuiRadio-colorSecondary-38"
              >
                <span
                  class="MuiIconButton-label-48"
                >
                  <svg
                    aria-hidden="true"
                    class="MuiSvgIcon-root-52"
                    focusable="false"
                    viewBox="0 0 24 24"
                  >
                    <path
                      d="M12 2C6.48 2 2 6.48 2 12s4.48 10 10 10 10-4.48 10-10S17.52 2 12 2zm0 18c-4.42 0-8-3.58-8-8s3.58-8 8-8 8 3.58 8 8-3.58 8-8 8z"
                    />
                  </svg>
                  <input
                    class="MuiSwitchBase-input-42"
                    name="searchby"
                    type="radio"
                    value="coords"
                  />
                </span>
                <span
                  class="MuiTouchRipple-root-59"
                />
              </span>
              <span
                class="MuiTypography-root-66 MuiTypography-body1-75 MuiFormControlLabel-label-33"
              >
                By Latitude/Longitude
              </span>
            </label>
            <label
              class="MuiFormControlLabel-root-30"
            >
              <span
                class="MuiButtonBase-root-49 MuiIconButton-root-43 MuiSwitchBase-root-39 MuiRadio-root-34 MuiRadio-colorSecondary-38"
              >
                <span
                  class="MuiIconButton-label-48"
                >
                  <svg
                    aria-hidden="true"
                    class="MuiSvgIcon-root-52"
                    focusable="false"
                    viewBox="0 0 24 24"
                  >
                    <path
                      d="M12 2C6.48 2 2 6.48 2 12s4.48 10 10 10 10-4.48 10-10S17.52 2 12 2zm0 18c-4.42 0-8-3.58-8-8s3.58-8 8-8 8 3.58 8 8-3.58 8-8 8z"
                    />
                  </svg>
                  <input
                    class="MuiSwitchBase-input-42"
                    name="searchby"
                    type="radio"
                    value="zip"
                  />
                </span>
                <span
                  class="MuiTouchRipple-root-59"
                />
              </span>
              <span
                class="MuiTypography-root-66 MuiTypography-body1-75 MuiFormControlLabel-label-33"
              >
                By Zip Code
              </span>
            </label>
          </div>
          <div
            class="css-ov1ktg"
          >
            <div
              aria-label="Enter a city name"
              class="MuiFormControl-root-91 css-1bvmw1t"
              data-testid="WeatherSearchInput-city"
            >
              <label
                class="MuiFormLabel-root-100 MuiInputLabel-root-95 MuiInputLabel-formControl-96 MuiInputLabel-animated-99"
                data-shrink="false"
              >
                Enter a city name
              </label>
              <div
                class="MuiInput-root-107 MuiInput-formControl-108 MuiInput-underline-111"
              >
                <input
                  aria-invalid="false"
                  class="MuiInput-input-115"
                  placeholder="Enter a city name"
                  type="text"
                  value=""
                />
              </div>
            </div>
            <button
              class="MuiButtonBase-root-49 MuiButton-root-120 MuiButton-contained-131 MuiButton-containedPrimary-132 MuiButton-raised-134 MuiButton-raisedPrimary-135"
              tabindex="0"
              type="submit"
            >
              <span
                class="MuiButton-label-121"
              >
                Get Weather
              </span>
              <span
                class="MuiTouchRipple-root-59"
              />
            </button>
          </div>
        </form>
      </div>
    </div>
  </div>
</div>
`;
