// Jest Snapshot v1, https://goo.gl/fbAQLP

exports[`Weather Widget Snapshot renders 1`] = `
<div
  className={undefined}
>
  <form
    onSubmit={[Function]}
  >
    <div
      aria-label="Select zip, coordinates, or location to search"
      className="MuiFormGroup-root-1 css-xbtlj5"
      role="radiogroup"
    >
      <label
        className="MuiFormControlLabel-root-3"
      >
        <span
          className="MuiButtonBase-root-22 MuiIconButton-root-16 MuiSwitchBase-root-12 MuiRadio-root-7 MuiRadio-colorSecondary-11 MuiSwitchBase-checked-13 MuiRadio-checked-8"
          onBlur={[Function]}
          onFocus={[Function]}
          onKeyDown={[Function]}
          onKeyUp={[Function]}
          onMouseDown={[Function]}
          onMouseLeave={[Function]}
          onMouseUp={[Function]}
          onTouchEnd={[Function]}
          onTouchMove={[Function]}
          onTouchStart={[Function]}
          role={undefined}
          tabIndex={null}
        >
          <span
            className="MuiIconButton-label-21"
          >
            <svg
              aria-hidden="true"
              className="MuiSvgIcon-root-25"
              color={undefined}
              focusable="false"
              viewBox="0 0 24 24"
            >
              <path
                d="M12 7c-2.76 0-5 2.24-5 5s2.24 5 5 5 5-2.24 5-5-2.24-5-5-5zm0-5C6.48 2 2 6.48 2 12s4.48 10 10 10 10-4.48 10-10S17.52 2 12 2zm0 18c-4.42 0-8-3.58-8-8s3.58-8 8-8 8 3.58 8 8-3.58 8-8 8z"
              />
            </svg>
            <input
              autoFocus={undefined}
              checked={true}
              className="MuiSwitchBase-input-15"
              disabled={undefined}
              id={undefined}
              name="searchby"
              onChange={[Function]}
              readOnly={undefined}
              required={undefined}
              tabIndex={undefined}
              type="radio"
              value="city"
            />
          </span>
          <span
            className="MuiTouchRipple-root-32"
          />
        </span>
        <span
          className="MuiTypography-root-39 MuiTypography-body1-48 MuiFormControlLabel-label-6"
        >
          By City
        </span>
      </label>
      <label
        className="MuiFormControlLabel-root-3"
      >
        <span
          className="MuiButtonBase-root-22 MuiIconButton-root-16 MuiSwitchBase-root-12 MuiRadio-root-7 MuiRadio-colorSecondary-11"
          onBlur={[Function]}
          onFocus={[Function]}
          onKeyDown={[Function]}
          onKeyUp={[Function]}
          onMouseDown={[Function]}
          onMouseLeave={[Function]}
          onMouseUp={[Function]}
          onTouchEnd={[Function]}
          onTouchMove={[Function]}
          onTouchStart={[Function]}
          role={undefined}
          tabIndex={null}
        >
          <span
            className="MuiIconButton-label-21"
          >
            <svg
              aria-hidden="true"
              className="MuiSvgIcon-root-25"
              color={undefined}
              focusable="false"
              viewBox="0 0 24 24"
            >
              <path
                d="M12 2C6.48 2 2 6.48 2 12s4.48 10 10 10 10-4.48 10-10S17.52 2 12 2zm0 18c-4.42 0-8-3.58-8-8s3.58-8 8-8 8 3.58 8 8-3.58 8-8 8z"
              />
            </svg>
            <input
              autoFocus={undefined}
              checked={false}
              className="MuiSwitchBase-input-15"
              disabled={undefined}
              id={undefined}
              name="searchby"
              onChange={[Function]}
              readOnly={undefined}
              required={undefined}
              tabIndex={undefined}
              type="radio"
              value="coords"
            />
          </span>
          <span
            className="MuiTouchRipple-root-32"
          />
        </span>
        <span
          className="MuiTypography-root-39 MuiTypography-body1-48 MuiFormControlLabel-label-6"
        >
          By Latitude/Longitude
        </span>
      </label>
      <label
        className="MuiFormControlLabel-root-3"
      >
        <span
          className="MuiButtonBase-root-22 MuiIconButton-root-16 MuiSwitchBase-root-12 MuiRadio-root-7 MuiRadio-colorSecondary-11"
          onBlur={[Function]}
          onFocus={[Function]}
          onKeyDown={[Function]}
          onKeyUp={[Function]}
          onMouseDown={[Function]}
          onMouseLeave={[Function]}
          onMouseUp={[Function]}
          onTouchEnd={[Function]}
          onTouchMove={[Function]}
          onTouchStart={[Function]}
          role={undefined}
          tabIndex={null}
        >
          <span
            className="MuiIconButton-label-21"
          >
            <svg
              aria-hidden="true"
              className="MuiSvgIcon-root-25"
              color={undefined}
              focusable="false"
              viewBox="0 0 24 24"
            >
              <path
                d="M12 2C6.48 2 2 6.48 2 12s4.48 10 10 10 10-4.48 10-10S17.52 2 12 2zm0 18c-4.42 0-8-3.58-8-8s3.58-8 8-8 8 3.58 8 8-3.58 8-8 8z"
              />
            </svg>
            <input
              autoFocus={undefined}
              checked={false}
              className="MuiSwitchBase-input-15"
              disabled={undefined}
              id={undefined}
              name="searchby"
              onChange={[Function]}
              readOnly={undefined}
              required={undefined}
              tabIndex={undefined}
              type="radio"
              value="zip"
            />
          </span>
          <span
            className="MuiTouchRipple-root-32"
          />
        </span>
        <span
          className="MuiTypography-root-39 MuiTypography-body1-48 MuiFormControlLabel-label-6"
        >
          By Zip Code
        </span>
      </label>
    </div>
    <div
      aria-describedby={undefined}
      aria-label="Enter city name"
      className="MuiFormControl-root-64 css-e8diyq"
    >
      <label
        className="MuiFormLabel-root-73 MuiInputLabel-root-68 MuiInputLabel-formControl-69 MuiInputLabel-animated-72"
        data-shrink={false}
        htmlFor={undefined}
      >
        Enter city name
      </label>
      <div
        className="MuiInput-root-80 MuiInput-formControl-81 MuiInput-underline-84"
      >
        <input
          aria-invalid={false}
          autoComplete={undefined}
          autoFocus={undefined}
          className="MuiInput-input-88"
          defaultValue={undefined}
          disabled={false}
          id={undefined}
          name={undefined}
          onBlur={[Function]}
          onChange={[Function]}
          onFocus={[Function]}
          onKeyDown={undefined}
          onKeyUp={undefined}
          placeholder="Enter city name"
          readOnly={undefined}
          required={false}
          rows={undefined}
          type="text"
          value=""
        />
      </div>
    </div>
    <button
      className="MuiButtonBase-root-22 MuiButton-root-93 MuiButton-contained-104 MuiButton-containedPrimary-105 MuiButton-raised-107 MuiButton-raisedPrimary-108"
      disabled={false}
      onBlur={[Function]}
      onFocus={[Function]}
      onKeyDown={[Function]}
      onKeyUp={[Function]}
      onMouseDown={[Function]}
      onMouseLeave={[Function]}
      onMouseUp={[Function]}
      onTouchEnd={[Function]}
      onTouchMove={[Function]}
      onTouchStart={[Function]}
      tabIndex="0"
      type="submit"
    >
      <span
        className="MuiButton-label-94"
      >
        Get Weather
      </span>
      <span
        className="MuiTouchRipple-root-32"
      />
    </button>
  </form>
</div>
`;
