// Jest Snapshot v1, https://goo.gl/fbAQLP

exports[`Weather Page Component renders 1`] = `
<div
  className="css-1f77bxc"
>
  <div
    className="MuiPaper-root-1 MuiPaper-elevation1-4 MuiPaper-rounded-2 css-12128pa"
  >
    <div
      className="css-jtawwa"
    >
      <form
        onSubmit={[Function]}
      >
        <div
          aria-label="Select zip, coordinates, or location to search"
          className="MuiFormGroup-root-28 css-xbtlj5"
          role="radiogroup"
        >
          <label
            className="MuiFormControlLabel-root-30"
          >
            <span
              className="MuiButtonBase-root-49 MuiIconButton-root-43 MuiSwitchBase-root-39 MuiRadio-root-34 MuiRadio-colorSecondary-38 MuiSwitchBase-checked-40 MuiRadio-checked-35"
              onBlur={[Function]}
              onFocus={[Function]}
              onKeyDown={[Function]}
              onKeyUp={[Function]}
              onMouseDown={[Function]}
              onMouseLeave={[Function]}
              onMouseUp={[Function]}
              onTouchEnd={[Function]}
              onTouchMove={[Function]}
              onTouchStart={[Function]}
              role={undefined}
              tabIndex={null}
            >
              <span
                className="MuiIconButton-label-48"
              >
                <svg
                  aria-hidden="true"
                  className="MuiSvgIcon-root-52"
                  color={undefined}
                  focusable="false"
                  viewBox="0 0 24 24"
                >
                  <path
                    d="M12 7c-2.76 0-5 2.24-5 5s2.24 5 5 5 5-2.24 5-5-2.24-5-5-5zm0-5C6.48 2 2 6.48 2 12s4.48 10 10 10 10-4.48 10-10S17.52 2 12 2zm0 18c-4.42 0-8-3.58-8-8s3.58-8 8-8 8 3.58 8 8-3.58 8-8 8z"
                  />
                </svg>
                <input
                  autoFocus={undefined}
                  checked={true}
                  className="MuiSwitchBase-input-42"
                  disabled={undefined}
                  id={undefined}
                  name="searchby"
                  onChange={[Function]}
                  readOnly={undefined}
                  required={undefined}
                  tabIndex={undefined}
                  type="radio"
                  value="city"
                />
              </span>
              <span
                className="MuiTouchRipple-root-59"
              />
            </span>
            <span
              className="MuiTypography-root-66 MuiTypography-body1-75 MuiFormControlLabel-label-33"
            >
              By City
            </span>
          </label>
          <label
            className="MuiFormControlLabel-root-30"
          >
            <span
              className="MuiButtonBase-root-49 MuiIconButton-root-43 MuiSwitchBase-root-39 MuiRadio-root-34 MuiRadio-colorSecondary-38"
              onBlur={[Function]}
              onFocus={[Function]}
              onKeyDown={[Function]}
              onKeyUp={[Function]}
              onMouseDown={[Function]}
              onMouseLeave={[Function]}
              onMouseUp={[Function]}
              onTouchEnd={[Function]}
              onTouchMove={[Function]}
              onTouchStart={[Function]}
              role={undefined}
              tabIndex={null}
            >
              <span
                className="MuiIconButton-label-48"
              >
                <svg
                  aria-hidden="true"
                  className="MuiSvgIcon-root-52"
                  color={undefined}
                  focusable="false"
                  viewBox="0 0 24 24"
                >
                  <path
                    d="M12 2C6.48 2 2 6.48 2 12s4.48 10 10 10 10-4.48 10-10S17.52 2 12 2zm0 18c-4.42 0-8-3.58-8-8s3.58-8 8-8 8 3.58 8 8-3.58 8-8 8z"
                  />
                </svg>
                <input
                  autoFocus={undefined}
                  checked={false}
                  className="MuiSwitchBase-input-42"
                  disabled={undefined}
                  id={undefined}
                  name="searchby"
                  onChange={[Function]}
                  readOnly={undefined}
                  required={undefined}
                  tabIndex={undefined}
                  type="radio"
                  value="coords"
                />
              </span>
              <span
                className="MuiTouchRipple-root-59"
              />
            </span>
            <span
              className="MuiTypography-root-66 MuiTypography-body1-75 MuiFormControlLabel-label-33"
            >
              By Latitude/Longitude
            </span>
          </label>
          <label
            className="MuiFormControlLabel-root-30"
          >
            <span
              className="MuiButtonBase-root-49 MuiIconButton-root-43 MuiSwitchBase-root-39 MuiRadio-root-34 MuiRadio-colorSecondary-38"
              onBlur={[Function]}
              onFocus={[Function]}
              onKeyDown={[Function]}
              onKeyUp={[Function]}
              onMouseDown={[Function]}
              onMouseLeave={[Function]}
              onMouseUp={[Function]}
              onTouchEnd={[Function]}
              onTouchMove={[Function]}
              onTouchStart={[Function]}
              role={undefined}
              tabIndex={null}
            >
              <span
                className="MuiIconButton-label-48"
              >
                <svg
                  aria-hidden="true"
                  className="MuiSvgIcon-root-52"
                  color={undefined}
                  focusable="false"
                  viewBox="0 0 24 24"
                >
                  <path
                    d="M12 2C6.48 2 2 6.48 2 12s4.48 10 10 10 10-4.48 10-10S17.52 2 12 2zm0 18c-4.42 0-8-3.58-8-8s3.58-8 8-8 8 3.58 8 8-3.58 8-8 8z"
                  />
                </svg>
                <input
                  autoFocus={undefined}
                  checked={false}
                  className="MuiSwitchBase-input-42"
                  disabled={undefined}
                  id={undefined}
                  name="searchby"
                  onChange={[Function]}
                  readOnly={undefined}
                  required={undefined}
                  tabIndex={undefined}
                  type="radio"
                  value="zip"
                />
              </span>
              <span
                className="MuiTouchRipple-root-59"
              />
            </span>
            <span
              className="MuiTypography-root-66 MuiTypography-body1-75 MuiFormControlLabel-label-33"
            >
              By Zip Code
            </span>
          </label>
        </div>
        <div
          aria-describedby={undefined}
          aria-label="Enter city name"
          className="MuiFormControl-root-91 css-e8diyq"
        >
          <label
            className="MuiFormLabel-root-100 MuiInputLabel-root-95 MuiInputLabel-formControl-96 MuiInputLabel-animated-99"
            data-shrink={false}
            htmlFor={undefined}
          >
            Enter city name
          </label>
          <div
            className="MuiInput-root-107 MuiInput-formControl-108 MuiInput-underline-111"
          >
            <input
              aria-invalid={false}
              autoComplete={undefined}
              autoFocus={undefined}
              className="MuiInput-input-115"
              defaultValue={undefined}
              disabled={false}
              id={undefined}
              name={undefined}
              onBlur={[Function]}
              onChange={[Function]}
              onFocus={[Function]}
              onKeyDown={undefined}
              onKeyUp={undefined}
              placeholder="Enter city name"
              readOnly={undefined}
              required={false}
              rows={undefined}
              type="text"
              value=""
            />
          </div>
        </div>
        <button
          className="MuiButtonBase-root-49 MuiButton-root-120 MuiButton-contained-131 MuiButton-containedPrimary-132 MuiButton-raised-134 MuiButton-raisedPrimary-135"
          disabled={false}
          onBlur={[Function]}
          onFocus={[Function]}
          onKeyDown={[Function]}
          onKeyUp={[Function]}
          onMouseDown={[Function]}
          onMouseLeave={[Function]}
          onMouseUp={[Function]}
          onTouchEnd={[Function]}
          onTouchMove={[Function]}
          onTouchStart={[Function]}
          tabIndex="0"
          type="submit"
        >
          <span
            className="MuiButton-label-121"
          >
            Get Weather
          </span>
          <span
            className="MuiTouchRipple-root-59"
          />
        </button>
      </form>
    </div>
  </div>
</div>
`;
