// Jest Snapshot v1, https://goo.gl/fbAQLP

exports[`Weather Widget Snapshot renders a weather widget 1`] = `
<div>
  <div>
    <form>
      <div
        aria-label="Select zip, coordinates, or location to search"
        class="MuiFormGroup-root-1 css-hpd1dz"
        role="radiogroup"
      >
        <label
          class="MuiFormControlLabel-root-3"
        >
          <span
            class="MuiButtonBase-root-22 MuiIconButton-root-16 MuiSwitchBase-root-12 MuiRadio-root-7 MuiRadio-colorSecondary-11 MuiSwitchBase-checked-13 MuiRadio-checked-8"
          >
            <span
              class="MuiIconButton-label-21"
            >
              <svg
                aria-hidden="true"
                class="MuiSvgIcon-root-25"
                focusable="false"
                viewBox="0 0 24 24"
              >
                <path
                  d="M12 7c-2.76 0-5 2.24-5 5s2.24 5 5 5 5-2.24 5-5-2.24-5-5-5zm0-5C6.48 2 2 6.48 2 12s4.48 10 10 10 10-4.48 10-10S17.52 2 12 2zm0 18c-4.42 0-8-3.58-8-8s3.58-8 8-8 8 3.58 8 8-3.58 8-8 8z"
                />
              </svg>
              <input
                checked=""
                class="MuiSwitchBase-input-15"
                name="searchby"
                type="radio"
                value="city"
              />
            </span>
            <span
              class="MuiTouchRipple-root-32"
            />
          </span>
          <span
            class="MuiTypography-root-39 MuiTypography-body1-48 MuiFormControlLabel-label-6"
          >
            By City
          </span>
        </label>
        <label
          class="MuiFormControlLabel-root-3"
        >
          <span
            class="MuiButtonBase-root-22 MuiIconButton-root-16 MuiSwitchBase-root-12 MuiRadio-root-7 MuiRadio-colorSecondary-11"
          >
            <span
              class="MuiIconButton-label-21"
            >
              <svg
                aria-hidden="true"
                class="MuiSvgIcon-root-25"
                focusable="false"
                viewBox="0 0 24 24"
              >
                <path
                  d="M12 2C6.48 2 2 6.48 2 12s4.48 10 10 10 10-4.48 10-10S17.52 2 12 2zm0 18c-4.42 0-8-3.58-8-8s3.58-8 8-8 8 3.58 8 8-3.58 8-8 8z"
                />
              </svg>
              <input
                class="MuiSwitchBase-input-15"
                name="searchby"
                type="radio"
                value="coords"
              />
            </span>
            <span
              class="MuiTouchRipple-root-32"
            />
          </span>
          <span
            class="MuiTypography-root-39 MuiTypography-body1-48 MuiFormControlLabel-label-6"
          >
            By Latitude/Longitude
          </span>
        </label>
        <label
          class="MuiFormControlLabel-root-3"
        >
          <span
            class="MuiButtonBase-root-22 MuiIconButton-root-16 MuiSwitchBase-root-12 MuiRadio-root-7 MuiRadio-colorSecondary-11"
          >
            <span
              class="MuiIconButton-label-21"
            >
              <svg
                aria-hidden="true"
                class="MuiSvgIcon-root-25"
                focusable="false"
                viewBox="0 0 24 24"
              >
                <path
                  d="M12 2C6.48 2 2 6.48 2 12s4.48 10 10 10 10-4.48 10-10S17.52 2 12 2zm0 18c-4.42 0-8-3.58-8-8s3.58-8 8-8 8 3.58 8 8-3.58 8-8 8z"
                />
              </svg>
              <input
                class="MuiSwitchBase-input-15"
                name="searchby"
                type="radio"
                value="zip"
              />
            </span>
            <span
              class="MuiTouchRipple-root-32"
            />
          </span>
          <span
            class="MuiTypography-root-39 MuiTypography-body1-48 MuiFormControlLabel-label-6"
          >
            By Zip Code
          </span>
        </label>
      </div>
      <div
        class="css-ov1ktg"
      >
        <div
          aria-label="Enter a city name"
          class="MuiFormControl-root-64 css-1bvmw1t"
          data-testid="WeatherSearchInput-city"
        >
          <label
            class="MuiFormLabel-root-73 MuiInputLabel-root-68 MuiInputLabel-formControl-69 MuiInputLabel-animated-72"
            data-shrink="false"
          >
            Enter a city name
          </label>
          <div
            class="MuiInput-root-80 MuiInput-formControl-81 MuiInput-underline-84"
          >
            <input
              aria-invalid="false"
              class="MuiInput-input-88"
              placeholder="Enter a city name"
              type="text"
              value=""
            />
          </div>
        </div>
        <button
          class="MuiButtonBase-root-22 MuiButton-root-93 MuiButton-contained-104 MuiButton-containedPrimary-105 MuiButton-raised-107 MuiButton-raisedPrimary-108"
          data-testid="search-button"
          tabindex="0"
          type="submit"
        >
          <span
            class="MuiButton-label-94"
          >
            Get Weather
          </span>
          <span
            class="MuiTouchRipple-root-32"
          />
        </button>
      </div>
    </form>
  </div>
</div>
`;
