// Jest Snapshot v1, https://goo.gl/fbAQLP

exports[`Weather Widget Snapshot renders 1`] = `
<form
  onSubmit={[Function]}
>
  <input
    aria-label="Enter city name"
    className="Input"
    onChange={[Function]}
    placeholder="Enter city name"
    value={undefined}
  />
  <button
    className="Button"
    type="submit"
  >
    Submit Data
  </button>
</form>
`;
