// Jest Snapshot v1, https://goo.gl/fbAQLP

exports[`Weather Stats renders 1`] = `
.c0 {
  font-size: 64px;
}

<div>
  <div
    data-testid="WeatherStats"
  >
    <h3
      class="MuiTypography-root-1 MuiTypography-headline-6 MuiTypography-gutterBottom-18"
    >
      City: 
      Test
    </h3>
    <span
      class="wi wi-day-rain c0"
      data-testid="CurrentWeatherIcon"
    />
    <p>
      Latitude: 
      23
      , Longitude: 
      32
    </p>
    <p>
      Current Temperature: 
      45
    </p>
    <p>
      Today's Low: 
      23
    </p>
    <p>
      Today's High: 
      79
    </p>
    <div>
      Current Conditions:
       
      <div>
        Test
      </div>
    </div>
    <p>
      Sunset Time: 
      8:00
    </p>
    <p>
      Sunrise Time: 
      5:00
    </p>
    <p>
      Wind Speed: 
      43
    </p>
    <div
      style="height: 400px; width: 100%;"
    >
      <div
        style="width: 100%; height: 100%; margin: 0px; padding: 0px; position: relative;"
      >
        <div
          style="width: 100%; height: 100%; left: 0px; top: 0px; margin: 0px; padding: 0px; position: absolute;"
        />
        <div
          style="width: 50%; height: 50%; left: 50%; top: 50%; margin: 0px; padding: 0px; position: absolute;"
        >
          <div
            style="width: 100%; height: 100%; left: 0px; top: 0px; margin: 0px; padding: 0px; position: absolute;"
          >
            <div
              style="width: 0px; height: 0px; left: 0px; top: 0px; background-color: transparent; position: absolute;"
            >
              <div
                style="color: white; font-size: 21px;"
              >
                <i
                  aria-hidden="true"
                  class="fa fa-map-marker"
                />
              </div>
            </div>
          </div>
        </div>
      </div>
    </div>
  </div>
</div>
`;
